ssd1306.c:66:6:SSD1306_DrawMenus	40	static
ssd1306.c:100:6:SSD1306_Draw_intrologo	32	static
ssd1306.c:121:6:SSD1306_DrawArrow	16	static
ssd1306.c:151:6:ssd1306_command	32	static
ssd1306.c:166:6:SSD1306_ScrollRight	16	static
ssd1306.c:179:6:SSD1306_ScrollLeft	16	static
ssd1306.c:192:6:SSD1306_Scrolldiagright	16	static
ssd1306.c:208:6:SSD1306_Scrolldiagleft	16	static
ssd1306.c:224:6:SSD1306_Stopscroll	8	static
ssd1306.c:231:6:SSD1306_InvertDisplay	16	static
ssd1306.c:240:6:SSD1306_DrawBitmap	32	static
ssd1306.c:264:6:Set_Contrast	32	static
ssd1306.c:291:6:OLED_INIT	16	static
ssd1306.c:387:6:SSD1306_UpdateScreen	16	static
ssd1306.c:415:6:SSD1306_ToggleInvert	16	static
ssd1306.c:427:6:SSD1306_Fill	16	static
ssd1306.c:447:6:SSD1306_DrawPixel	16	static
ssd1306.c:474:6:SSD1306_GotoXY	16	static
ssd1306.c:480:6:SSD1306_Putc	32	static
ssd1306.c:511:6:SSD1306_Puts	24	static
ssd1306.c:529:6:SSD1306_DrawLine	40	static
ssd1306.c:613:6:SSD1306_DrawRectangle	32	static
ssd1306.c:638:6:SSD1306_DrawFilledRectangle	40	static
ssd1306.c:665:6:SSD1306_DrawTriangle	32	static
ssd1306.c:673:6:SSD1306_DrawFilledTriangle	64	static
ssd1306.c:729:6:SSD1306_DrawCircle	40	static
ssd1306.c:763:6:SSD1306_DrawFilledCircle	48	static
ssd1306.c:796:6:SSD1306_Clear	8	static
ssd1306.c:801:6:SSD1306_ON	8	static
ssd1306.c:806:6:SSD1306_OFF	8	static
ssd1306.c:824:6:ssd1306_I2C_WriteMulti	296	static
ssd1306.c:834:6:ssd1306_I2C_Write	32	static
